
> reach-iq@0.1.0 build
> next build

Γû▓ Next.js 16.2.2 (Turbopack)
- Environments: .env.local

  Creating an optimized production build ...
node.exe : 
At line:1 char:1
+ & "C:\Program 
Files\nodejs/node.exe" 
"C:\Program 
Files\nodejs/node_mo ...
+ ~~~~~~~~~~~~~~~~~~~~~~~~~
~~~~~~~~~~~~~~~~~~~~~~~~~~~
~~~~~~~~~~~~~~~~~
    + CategoryInfo         
     : NotSpecified: (:St  
  ring) [], RemoteExcept   
 ion
    + FullyQualifiedErrorI 
   d : NativeCommandError
 
> Build error occurred
Error: Turbopack build 
failed with 1 errors:
./src/app/(dashboard)/segme
nts/page.tsx:1:1
Export SegmentsClient 
doesn't exist in target 
module
[31m[1m>[0m [90m1 
|[0m [36mimport[0m { 
[33mSegmentsClient[0m } 
[36mfrom[0m 
[32m"./SegmentsClient"[0m
  [90m  |[0m [31m[1m^^^
^^^^^^^^^^^^^^^^^^^^^^^^^^^
^^^^^^^^^^^^^^^^^^^[0m
  [90m2 |[0m
  [90m3 |[0m 
[36mexport[0m 
[36mdefault[0m 
[36mfunction[0m 
[33mSegmentsPage[0m() {
  [90m4 |[0m   
[36mreturn[0m (

The export SegmentsClient 
was not found in module [pr
oject]/src/app/(dashboard)/
segments/SegmentsClient.tsx
 [app-rsc] (ecmascript).
Did you mean to import 
default?
All exports of the module 
are statically known (It 
doesn't have dynamic 
exports). So it's known 
statically that the 
requested export doesn't 
exist.


    at <unknown> (./src/app
/(dashboard)/segments/page.
tsx:1:1)
